###############################################################################
#
# IAR ELF Linker V2.20.1.176 for STM8                     07/Mar/2019  08:57:52
# Copyright 2010-2015 IAR Systems AB.
#
#    Output file  =  
#        D:\Desktop\自制电调\my_电调\stm8\pro\Debug\Exe\BLDC_Drv.out
#    Map file     =  
#        D:\Desktop\自制电调\my_电调\stm8\pro\Debug\List\BLDC_Drv.map
#    Command line =  
#        D:\Desktop\自制电调\my_电调\stm8\pro\Debug\Obj\Bldc_ctr.o
#        D:\Desktop\自制电调\my_电调\stm8\pro\Debug\Obj\Bldc_SpeedCtr.o
#        D:\Desktop\自制电调\my_电调\stm8\pro\Debug\Obj\InitSet.o
#        D:\Desktop\自制电调\my_电调\stm8\pro\Debug\Obj\main.o
#        D:\Desktop\自制电调\my_电调\stm8\pro\Debug\Obj\stm8s_adc1.o
#        D:\Desktop\自制电调\my_电调\stm8\pro\Debug\Obj\stm8s_awu.o
#        D:\Desktop\自制电调\my_电调\stm8\pro\Debug\Obj\stm8s_beep.o
#        D:\Desktop\自制电调\my_电调\stm8\pro\Debug\Obj\stm8s_clk.o
#        D:\Desktop\自制电调\my_电调\stm8\pro\Debug\Obj\stm8s_exti.o
#        D:\Desktop\自制电调\my_电调\stm8\pro\Debug\Obj\stm8s_flash.o
#        D:\Desktop\自制电调\my_电调\stm8\pro\Debug\Obj\stm8s_gpio.o
#        D:\Desktop\自制电调\my_电调\stm8\pro\Debug\Obj\stm8s_i2c.o
#        D:\Desktop\自制电调\my_电调\stm8\pro\Debug\Obj\stm8s_it.o
#        D:\Desktop\自制电调\my_电调\stm8\pro\Debug\Obj\stm8s_itc.o
#        D:\Desktop\自制电调\my_电调\stm8\pro\Debug\Obj\stm8s_iwdg.o
#        D:\Desktop\自制电调\my_电调\stm8\pro\Debug\Obj\stm8s_rst.o
#        D:\Desktop\自制电调\my_电调\stm8\pro\Debug\Obj\stm8s_spi.o
#        D:\Desktop\自制电调\my_电调\stm8\pro\Debug\Obj\stm8s_tim1.o
#        D:\Desktop\自制电调\my_电调\stm8\pro\Debug\Obj\stm8s_tim2.o
#        D:\Desktop\自制电调\my_电调\stm8\pro\Debug\Obj\stm8s_tim4.o
#        D:\Desktop\自制电调\my_电调\stm8\pro\Debug\Obj\stm8s_uart1.o
#        D:\Desktop\自制电调\my_电调\stm8\pro\Debug\Obj\stm8s_wwdg.o
#        D:\Desktop\自制电调\my_电调\stm8\pro\Debug\Obj\Tim.o --redirect
#        _Printf=_PrintfFullNoMb --redirect _Scanf=_ScanfFullNoMb -o
#        D:\Desktop\自制电调\my_电调\stm8\pro\Debug\Exe\BLDC_Drv.out --map
#        D:\Desktop\自制电调\my_电调\stm8\pro\Debug\List\BLDC_Drv.map --config
#        "D:\Program Files (x86)\IAR_stm8\stm8\config\lnkstm8s003f3.icf"
#        --config_def _CSTACK_SIZE=0x200 --config_def _HEAP_SIZE=0x200 --entry
#        __iar_program_start --debug_lib
#
###############################################################################

*******************************************************************************
*** RUNTIME MODEL ATTRIBUTES
***

__SystemLibrary            = DLib
__code_model               = small
__core                     = stm8
__data_model               = medium
__dlib_file_descriptor     = 0
__dlib_full_locale_support = 0
__rt_version               = 4


*******************************************************************************
*** PLACEMENT SUMMARY
***

"A1":  place at start of [0x000000-0x0000ff] { rw section .vregs };
"A2":  place at end of [0x000000-0x0003ff] { block CSTACK };
"P2":  place in [from 0x000000 to 0x0003ff] {
          block HEAP, rw section __DLIB_PERTHREAD, rw section .far.bss,
          rw section .far.data, rw section .far.noinit,
          rw section .far_func.textrw, rw section .huge.bss,
          rw section .huge.data, rw section .huge.noinit,
          rw section .huge_func.textrw, rw section .iar.dynexit,
          rw section .near.bss, rw section .near.data, rw section .near.noinit,
          rw section .near_func.textrw };
"A3":  place at start of [0x008000-0x009fff] { block INTVEC };
"P3":  place in [from 0x008000 to 0x009fff] {
          ro section __DLIB_PERTHREAD_init, ro section .far.data_init,
          ro section .far_func.textrw_init, ro section .huge.data_init,
          ro section .huge_func.textrw_init, ro section .iar.init_table,
          ro section .init_array, ro section .near.data_init,
          ro section .near.rodata, ro section .near_func.text,
          ro section .near_func.textrw_init, ro section .tiny.data_init,
          ro section .tiny.rodata_init };

  Section            Kind      Address   Size  Object
  -------            ----      -------   ----  ------
"A1":                                     0xc
  .vregs             uninit   0x000000    0xc  vregs.o [4]
                            - 0x00000c    0xc

"P2":                                     0x9
  P2-1                        0x00000c    0x9  <Init block>
    .near.data       inited   0x00000c    0x1  Bldc_ctr.o [1]
    .near.data       inited   0x00000d    0x2  main.o [1]
    .near.bss        inited   0x00000f    0x1  Bldc_ctr.o [1]
    .near.bss        inited   0x000010    0x1  Bldc_ctr.o [1]
    .near.bss        inited   0x000011    0x1  Bldc_ctr.o [1]
    .near.bss        inited   0x000012    0x1  Bldc_SpeedCtr.o [1]
    .near.bss        inited   0x000013    0x2  Bldc_SpeedCtr.o [1]
                            - 0x000015    0x9

"A2":                                   0x200
  CSTACK                      0x000200  0x200  <Block>
    CSTACK           uninit   0x000200  0x200  <Block tail>
                            - 0x000400  0x200

"A3":                                    0x80
  INTVEC                      0x008000   0x80  <Block>
    .intvec          const    0x008000   0x80  interrupt.o [4]
                            - 0x008080   0x80

"P3":                                   0x611
  .near_func.text    ro code  0x008080   0xb8  long.o [4]
  .near_func.text    ro code  0x008138   0x88  Bldc_ctr.o [1]
  .near_func.text    ro code  0x0081c0   0x78  Bldc_ctr.o [1]
  .near_func.text    ro code  0x008238   0x75  Bldc_ctr.o [1]
  .near_func.text    ro code  0x0082ad   0x75  Bldc_ctr.o [1]
  .near_func.text    ro code  0x008322   0x72  vreg_util.o [4]
  .near_func.text    ro code  0x008394   0x6f  Bldc_SpeedCtr.o [1]
  .near_func.text    ro code  0x008403   0x53  Tim.o [1]
  .near_func.text    ro code  0x008456   0x4b  Bldc_SpeedCtr.o [1]
  .near_func.text    ro code  0x0084a1   0x48  main.o [1]
  .near_func.text    ro code  0x0084e9   0x2f  Bldc_ctr.o [1]
  .near_func.text    ro code  0x008518   0x2d  InitSet.o [1]
  .near_func.text    ro code  0x008545   0x2a  InitSet.o [1]
  .near_func.text    ro code  0x00856f   0x28  init_small.o [4]
  .near_func.text    ro code  0x008597   0x23  short.o [4]
  .iar.init_table    const    0x0085ba    0xa  - Linker created -
  .near_func.text    ro code  0x0085c4   0x1e  Bldc_SpeedCtr.o [1]
  .near_func.text    ro code  0x0085e2   0x18  InitSet.o [1]
  .near_func.text    ro code  0x0085fa   0x18  InitSet.o [1]
  .near_func.text    ro code  0x008612   0x17  init.o [4]
  .near_func.text    ro code  0x008629   0x14  __dbg_xxexit.o [3]
  .near_func.text    ro code  0x00863d   0x13  cstartup.o [4]
  .near_func.text    ro code  0x008650    0xd  dc_util.o [4]
  .near_func.text    ro code  0x00865d    0xc  long_util.o [4]
  .near_func.text    ro code  0x008669    0x9  Bldc_SpeedCtr.o [1]
  Initializer bytes  const    0x008672    0x9  <for P2-1>
  .near_func.text    ro code  0x00867b    0x5  cexit.o [4]
  .near_func.text    ro code  0x008680    0x3  interrupt.o [4]
  .near_func.text    ro code  0x008683    0x3  low_level_init.o [4]
  .near_func.text    ro code  0x008686    0x3  exit.o [4]
  .near_func.text    ro code  0x008689    0x3  unhandled_exception.o [4]
  .near_func.text    ro code  0x00868c    0x1  stm8s_it.o [1]
  .near_func.text    ro code  0x00868d    0x1  stm8s_it.o [1]
  .near_func.text    ro code  0x00868e    0x1  stm8s_it.o [1]
  .near_func.text    ro code  0x00868f    0x1  stm8s_it.o [1]
  .near_func.text    ro code  0x008690    0x1  __dbg_break.o [3]
                            - 0x008691  0x611


*******************************************************************************
*** INIT TABLE
***

          Address   Size
          -------   ----
Copy (__iar_copy_init2)
    1 source range, total size 0x9:
          0x008672   0x9
    1 destination range, total size 0x9:
          0x00000c   0x9



*******************************************************************************
*** MODULE SUMMARY
***

    Module                 ro code  ro data  rw data
    ------                 -------  -------  -------
D:\Desktop\自制电调\my_电调\stm8\pro\Debug\Obj: [1]
    Bldc_SpeedCtr.o            225        3        3
    Bldc_ctr.o                 537        4        4
    InitSet.o                  135
    Tim.o                       83
    main.o                      72        2        2
    stm8s_it.o                   4
    ------------------------------------------------
    Total:                   1 056        9        9

command line: [2]
    ------------------------------------------------
    Total:

dbgstm8smd.a: [3]
    __dbg_break.o                1
    __dbg_xxexit.o              20
    ------------------------------------------------
    Total:                      21

dlstm8smn.a: [4]
    cexit.o                      5
    cstartup.o                  19
    dc_util.o                   13
    exit.o                       3
    init.o                      23
    init_small.o                40
    interrupt.o                  3      128
    long.o                     184
    long_util.o                 12
    low_level_init.o             3
    short.o                     35
    unhandled_exception.o        3
    vreg_util.o                114
    vregs.o                                       12
    ------------------------------------------------
    Total:                     457      128       12

    Linker created                       10      512
----------------------------------------------------
    Grand Total:             1 534      147      533


*******************************************************************************
*** ENTRY LIST
***

Entry                    Address  Size  Type      Object
-----                    -------  ----  ----      ------
.iar.init_table$$Base   0x0085ba         --   Gb  - Linker created -
.iar.init_table$$Limit  0x0085c4         --   Gb  - Linker created -
?b0                     0x000000        Data  Gb  vregs.o [4]
?b1                     0x000001        Data  Gb  vregs.o [4]
?b10                    0x00000a        Data  Gb  vregs.o [4]
?b11                    0x00000b        Data  Gb  vregs.o [4]
?b2                     0x000002        Data  Gb  vregs.o [4]
?b3                     0x000003        Data  Gb  vregs.o [4]
?b4                     0x000004        Data  Gb  vregs.o [4]
?b5                     0x000005        Data  Gb  vregs.o [4]
?b6                     0x000006        Data  Gb  vregs.o [4]
?b7                     0x000007        Data  Gb  vregs.o [4]
?b8                     0x000008        Data  Gb  vregs.o [4]
?b9                     0x000009        Data  Gb  vregs.o [4]
?dc32_l0                0x008650        Code  Gb  dc_util.o [4]
?e0                     0x000001        Data  Gb  vregs.o [4]
?e1                     0x000005        Data  Gb  vregs.o [4]
?e2                     0x000009        Data  Gb  vregs.o [4]
?epilogue_l2            0x008383        Code  Gb  vreg_util.o [4]
?l0                     0x000000        Data  Gb  vregs.o [4]
?l1                     0x000004        Data  Gb  vregs.o [4]
?l2                     0x000008        Data  Gb  vregs.o [4]
?load32_l0_0x           0x00865d        Code  Gb  long_util.o [4]
?mov_e1_e0              0x00838a        Code  Gb  vreg_util.o [4]
?mov_l1_l0              0x008387        Code  Gb  vreg_util.o [4]
?mov_w3_w1              0x00838d        Code  Gb  vreg_util.o [4]
?mul16_x_x_w0           0x008597        Code  Gb  short.o [4]
?pop_l2                 0x008370        Code  Gb  vreg_util.o [4]
?pop_w0                 0x00833f        Code  Gb  vreg_util.o [4]
?push_l2                0x00834e        Code  Gb  vreg_util.o [4]
?push_w0                0x008322        Code  Gb  vreg_util.o [4]
?push_w4                0x008327        Code  Gb  vreg_util.o [4]
?sdiv32_l0_dl_l1        0x0080ed        Code  Gb  long.o [4]
?sdiv32_l0_l0_l1        0x0080f2        Code  Gb  long.o [4]
?smod32_l1_l0_l1        0x0080f2        Code  Gb  long.o [4]
?srl16_x_x_4            0x0085b5        Code  Gb  short.o [4]
?udiv32_l0_l0_l1        0x008080        Code  Gb  long.o [4]
?umod32_l1_l0_l1        0x008080        Code  Gb  long.o [4]
?w0                     0x000000        Data  Gb  vregs.o [4]
?w1                     0x000002        Data  Gb  vregs.o [4]
?w2                     0x000004        Data  Gb  vregs.o [4]
?w3                     0x000006        Data  Gb  vregs.o [4]
?w4                     0x000008        Data  Gb  vregs.o [4]
?w5                     0x00000a        Data  Gb  vregs.o [4]
AWU_IRQHandler          0x00868e   0x1  Code  Gb  stm8s_it.o [1]
Bldc_GPIO_Init          0x008238  0x75  Code  Gb  Bldc_ctr.o [1]
CAP_VALUE               0x000013   0x2  Data  Gb  Bldc_SpeedCtr.o [1]
CLK_IRQHandler          0x00868f   0x1  Code  Gb  stm8s_it.o [1]
CSTACK$$Base            0x000200         --   Gb  - Linker created -
CSTACK$$Limit           0x000400         --   Gb  - Linker created -
Delay_ms                0x0085fa  0x18  Code  Gb  InitSet.o [1]
Delay_us                0x0085e2  0x18  Code  Gb  InitSet.o [1]
GPIOB_interrupt_handler
                        0x008138  0x88  Code  Gb  Bldc_ctr.o [1]
GPIOC_interrupt_handler
                        0x0084e9  0x2f  Code  Gb  Bldc_ctr.o [1]
H1_OFF                  0x0081e7   0x5  Code  Gb  Bldc_ctr.o [1]
H1_PWM                  0x0081c0   0xd  Code  Gb  Bldc_ctr.o [1]
H2_OFF                  0x0081ec   0x5  Code  Gb  Bldc_ctr.o [1]
H2_PWM                  0x0081cd   0xd  Code  Gb  Bldc_ctr.o [1]
H3_OFF                  0x0081f1   0x5  Code  Gb  Bldc_ctr.o [1]
H3_PWM                  0x0081da   0xd  Code  Gb  Bldc_ctr.o [1]
INTVEC$$Base            0x008000         --   Gb  - Linker created -
INTVEC$$Limit           0x008080         --   Gb  - Linker created -
LED_Init                0x008518  0x2d  Code  Gb  InitSet.o [1]
Region$$Table$$Base     0x0085ba         --   Gb  - Linker created -
Region$$Table$$Limit    0x0085c4         --   Gb  - Linker created -
SCLK_24MInit            0x008545  0x2a  Code  Gb  InitSet.o [1]
TIM1_PwmSet             0x008403  0x53  Code  Gb  Tim.o [1]
TLI_IRQHandler          0x00868d   0x1  Code  Gb  stm8s_it.o [1]
TRAP_IRQHandler         0x00868c   0x1  Code  Gb  stm8s_it.o [1]
Tim2_interrupt_handler  0x008394  0x6f  Code  Gb  Bldc_SpeedCtr.o [1]
UART1_SendByte          0x008669   0x9  Code  Gb  Bldc_SpeedCtr.o [1]
UART_Init               0x008456  0x4b  Code  Gb  Bldc_SpeedCtr.o [1]
__DebugBreak            0x008690   0x1  Code  Gb  __dbg_break.o [3]
__exit                  0x008629  0x14  Code  Gb  __dbg_xxexit.o [3]
__iar_copy_init2        0x00856f        Code  Gb  init_small.o [4]
__iar_data_init2        0x008612  0x17  Code  Gb  init.o [4]
__iar_program_start     0x00863d        Code  Gb  cstartup.o [4]
__iar_unhandled_exception
                        0x008689        Code  Gb  unhandled_exception.o [4]
__intvec                0x008000        Data  Gb  interrupt.o [4]
__low_level_init        0x008683   0x3  Code  Gb  low_level_init.o [4]
_exit                   0x00867b        Code  Gb  cexit.o [4]
_interrupt_1            0x00868c        Code  Gb  stm8s_it.o [1]
_interrupt_16           0x008394        Code  Gb  Bldc_SpeedCtr.o [1]
_interrupt_2            0x00868d        Code  Gb  stm8s_it.o [1]
_interrupt_20           0x0085c4        Code  Gb  Bldc_SpeedCtr.o [1]
_interrupt_3            0x00868e        Code  Gb  stm8s_it.o [1]
_interrupt_4            0x00868f        Code  Gb  stm8s_it.o [1]
_interrupt_6            0x008138        Code  Gb  Bldc_ctr.o [1]
_interrupt_7            0x0084e9        Code  Gb  Bldc_ctr.o [1]
bldc_start              0x0082ad  0x75  Code  Gb  Bldc_ctr.o [1]
chang_phase_1           0x0081f6   0xc  Code  Gb  Bldc_ctr.o [1]
chang_phase_2           0x008202   0xa  Code  Gb  Bldc_ctr.o [1]
chang_phase_3           0x00820c   0xc  Code  Gb  Bldc_ctr.o [1]
chang_phase_4           0x008218   0xa  Code  Gb  Bldc_ctr.o [1]
chang_phase_5           0x008222   0xc  Code  Gb  Bldc_ctr.o [1]
chang_phase_6           0x00822e   0xa  Code  Gb  Bldc_ctr.o [1]
exit                    0x008686   0x3  Code  Gb  exit.o [4]
gpio_temp               0x00000f   0x1  Data  Gb  Bldc_ctr.o [1]
main                    0x0084a1  0x48  Code  Gb  main.o [1]
speed                   0x00000d   0x2  Data  Gb  main.o [1]
state                   0x00000c   0x1  Data  Gb  Bldc_ctr.o [1]
temp                    0x000012   0x1  Data  Gb  Bldc_SpeedCtr.o [1]
temp1                   0x000010   0x1  Data  Gb  Bldc_ctr.o [1]
temp2                   0x000011   0x1  Data  Gb  Bldc_ctr.o [1]
uart1_interrupt_handler
                        0x0085c4  0x1e  Code  Gb  Bldc_SpeedCtr.o [1]


[1] = D:\Desktop\自制电调\my_电调\stm8\pro\Debug\Obj
[2] = command line
[3] = dbgstm8smd.a
[4] = dlstm8smn.a

  1 534 bytes of readonly  code memory
    147 bytes of readonly  data memory
    533 bytes of readwrite data memory

Errors: none
Warnings: none
